// Jest Snapshot v1, https://goo.gl/fbAQLP

exports[`Buttons should render 1`] = `
<Buttons
  acceptButtonLabel="acceptButtonLabel"
  darkTheme={false}
  onAcceptButtonClick={[Function]}
  readMoreButtonLabel="readMoreButtonLabel"
  readMoreButtonLink="readMoreButtonLink"
  readMoreButtonOpenInNewTab={false}
  reverseButtons={false}
/>
`;
