// Jest Snapshot v1, https://goo.gl/fbAQLP

exports[`CookieNotice should render 1`] = `
<div
  class="react-cookienotice-root root"
>
  <div
    class="react-cookienotice-body body"
  >
    <div
      class="react-cookienotice-title title"
    >
      <span>
        titleLabel
      </span>
    </div>
    <div
      class="react-cookienotice-description description"
    >
      <span>
        descriptionLabel
      </span>
    </div>
    <a
      class="react-cookienotice-link link"
      href="https://example.com"
      rel="noreferrer"
      target="_blank"
    >
      readMoreLabel
    </a>
  </div>
  <div
    class="react-cookienotice-buttons buttons"
  >
    <button
      class="react-cookienotice-button button"
    >
      acceptButtonLabel
    </button>
    <button
      class="react-cookienotice-button button"
    >
      declineButtonLabel
    </button>
  </div>
</div>
`;
