// Jest Snapshot v1, https://goo.gl/fbAQLP

exports[`CookieNotice should render 1`] = `
<div
  class="react-cookienotice-root"
>
  <div
    class="react-cookienotice-body"
  >
    <div
      class="react-cookienotice-title"
    >
      <span>
        titleLabel
      </span>
    </div>
    <div
      class="react-cookienotice-description"
    >
      <span>
        descriptionLabel
      </span>
    </div>
  </div>
  <div
    class="react-cookienotice-buttons"
  >
    <button
      class="react-cookienotice-button"
    >
      acceptButtonLabel
    </button>
    <button
      class="react-cookienotice-button"
    >
      declineButtonLabel
    </button>
  </div>
</div>
`;
