// Jest Snapshot v1, https://goo.gl/fbAQLP

exports[`CookieNotice should render 1`] = `
<div
  class="react-cookienotice-root"
>
  <div
    class="react-cookienotice-stick-to-bottom"
  >
    <div
      class="react-cookienotice-wrapper"
    >
      <div
        class="react-cookienotice-icon"
      />
      <div
        class="react-cookienotice-text"
      >
        <span>
          cookieTextLabel
        </span>
      </div>
      <div
        class="react-cookienotice-buttons-wrapper"
      >
        <button
          class="react-cookienotice-accept-button"
        >
          <span>
            acceptButtonLabel
          </span>
        </button>
        <a
          class="react-cookienotice-read-more-button"
          href="http://aboutcookies.org/"
          target="_self"
        >
          readMoreButtonLabel
        </a>
      </div>
    </div>
  </div>
</div>
`;
